Epoch 1/5

   1/1875 [..............................] - ETA: 0s - loss: 2.3993 - accuracy: 0.1562
  18/1875 [..............................] - ETA: 5s - loss: 1.8975 - accuracy: 0.4080
  39/1875 [..............................] - ETA: 4s - loss: 1.4858 - accuracy: 0.5665
  61/1875 [..............................] - ETA: 4s - loss: 1.2406 - accuracy: 0.6393
  82/1875 [>.............................] - ETA: 4s - loss: 1.0927 - accuracy: 0.6814
 103/1875 [>.............................] - ETA: 4s - loss: 0.9881 - accuracy: 0.7136
 127/1875 [=>............................] - ETA: 4s - loss: 0.8905 - accuracy: 0.7389
 151/1875 [=>............................] - ETA: 4s - loss: 0.8241 - accuracy: 0.7579
 175/1875 [=>............................] - ETA: 3s - loss: 0.7719 - accuracy: 0.7738
 199/1875 [==>...........................] - ETA: 3s - loss: 0.7289 - accuracy: 0.7864
 223/1875 [==>...........................] - ETA: 3s - loss: 0.6902 - accuracy: 0.7968
 246/1875 [==>...........................] - ETA: 3s - loss: 0.6626 - accuracy: 0.8048
 269/1875 [===>..........................] - ETA: 3s - loss: 0.6411 - accuracy: 0.8108
 293/1875 [===>..........................] - ETA: 3s - loss: 0.6156 - accuracy: 0.8182
 318/1875 [====>.........................] - ETA: 3s - loss: 0.5937 - accuracy: 0.8254
 342/1875 [====>.........................] - ETA: 3s - loss: 0.5775 - accuracy: 0.8295
 367/1875 [====>.........................] - ETA: 3s - loss: 0.5645 - accuracy: 0.8338
 392/1875 [=====>........................] - ETA: 3s - loss: 0.5487 - accuracy: 0.8375
 416/1875 [=====>........................] - ETA: 3s - loss: 0.5335 - accuracy: 0.8422
 439/1875 [======>.......................] - ETA: 3s - loss: 0.5208 - accuracy: 0.8460
 461/1875 [======>.......................] - ETA: 3s - loss: 0.5107 - accuracy: 0.8488
 484/1875 [======>.......................] - ETA: 3s - loss: 0.5044 - accuracy: 0.8509
 507/1875 [=======>......................] - ETA: 3s - loss: 0.4969 - accuracy: 0.8526
 529/1875 [=======>......................] - ETA: 2s - loss: 0.4886 - accuracy: 0.8552
 552/1875 [=======>......................] - ETA: 2s - loss: 0.4808 - accuracy: 0.8578
 575/1875 [========>.....................] - ETA: 2s - loss: 0.4736 - accuracy: 0.8598
 598/1875 [========>.....................] - ETA: 2s - loss: 0.4657 - accuracy: 0.8624
 620/1875 [========>.....................] - ETA: 2s - loss: 0.4602 - accuracy: 0.8640
 644/1875 [=========>....................] - ETA: 2s - loss: 0.4529 - accuracy: 0.8663
 667/1875 [=========>....................] - ETA: 2s - loss: 0.4450 - accuracy: 0.8689
 691/1875 [==========>...................] - ETA: 2s - loss: 0.4391 - accuracy: 0.8703
 715/1875 [==========>...................] - ETA: 2s - loss: 0.4333 - accuracy: 0.8717
 739/1875 [==========>...................] - ETA: 2s - loss: 0.4276 - accuracy: 0.8732
 761/1875 [===========>..................] - ETA: 2s - loss: 0.4232 - accuracy: 0.8747
 783/1875 [===========>..................] - ETA: 2s - loss: 0.4188 - accuracy: 0.8761
 806/1875 [===========>..................] - ETA: 2s - loss: 0.4123 - accuracy: 0.8778
 830/1875 [============>.................] - ETA: 2s - loss: 0.4074 - accuracy: 0.8793
 851/1875 [============>.................] - ETA: 2s - loss: 0.4031 - accuracy: 0.8807
 872/1875 [============>.................] - ETA: 2s - loss: 0.3995 - accuracy: 0.8820
 893/1875 [=============>................] - ETA: 2s - loss: 0.3960 - accuracy: 0.8826
 915/1875 [=============>................] - ETA: 2s - loss: 0.3915 - accuracy: 0.8838
 937/1875 [=============>................] - ETA: 2s - loss: 0.3879 - accuracy: 0.8850
 960/1875 [==============>...............] - ETA: 2s - loss: 0.3845 - accuracy: 0.8860
 982/1875 [==============>...............] - ETA: 2s - loss: 0.3805 - accuracy: 0.8874
1004/1875 [===============>..............] - ETA: 1s - loss: 0.3767 - accuracy: 0.8884
1025/1875 [===============>..............] - ETA: 1s - loss: 0.3741 - accuracy: 0.8891
1048/1875 [===============>..............] - ETA: 1s - loss: 0.3711 - accuracy: 0.8901
1072/1875 [================>.............] - ETA: 1s - loss: 0.3687 - accuracy: 0.8907
1095/1875 [================>.............] - ETA: 1s - loss: 0.3641 - accuracy: 0.8921
1117/1875 [================>.............] - ETA: 1s - loss: 0.3616 - accuracy: 0.8929
1139/1875 [=================>............] - ETA: 1s - loss: 0.3590 - accuracy: 0.8936
1161/1875 [=================>............] - ETA: 1s - loss: 0.3556 - accuracy: 0.8947
1184/1875 [=================>............] - ETA: 1s - loss: 0.3526 - accuracy: 0.8955
1207/1875 [==================>...........] - ETA: 1s - loss: 0.3506 - accuracy: 0.8960
1230/1875 [==================>...........] - ETA: 1s - loss: 0.3479 - accuracy: 0.8968
1252/1875 [===================>..........] - ETA: 1s - loss: 0.3460 - accuracy: 0.8972
1274/1875 [===================>..........] - ETA: 1s - loss: 0.3444 - accuracy: 0.8978
1296/1875 [===================>..........] - ETA: 1s - loss: 0.3419 - accuracy: 0.8986
1319/1875 [====================>.........] - ETA: 1s - loss: 0.3397 - accuracy: 0.8994
1341/1875 [====================>.........] - ETA: 1s - loss: 0.3378 - accuracy: 0.9001
1364/1875 [====================>.........] - ETA: 1s - loss: 0.3361 - accuracy: 0.9006
1387/1875 [=====================>........] - ETA: 1s - loss: 0.3345 - accuracy: 0.9012
1410/1875 [=====================>........] - ETA: 1s - loss: 0.3323 - accuracy: 0.9019
1434/1875 [=====================>........] - ETA: 0s - loss: 0.3299 - accuracy: 0.9027
1457/1875 [======================>.......] - ETA: 0s - loss: 0.3276 - accuracy: 0.9034
1482/1875 [======================>.......] - ETA: 0s - loss: 0.3252 - accuracy: 0.9040
1508/1875 [=======================>......] - ETA: 0s - loss: 0.3228 - accuracy: 0.9048
1534/1875 [=======================>......] - ETA: 0s - loss: 0.3214 - accuracy: 0.9052
1561/1875 [=======================>......] - ETA: 0s - loss: 0.3192 - accuracy: 0.9059
1588/1875 [========================>.....] - ETA: 0s - loss: 0.3178 - accuracy: 0.9063
1613/1875 [========================>.....] - ETA: 0s - loss: 0.3165 - accuracy: 0.9066
1635/1875 [=========================>....] - ETA: 0s - loss: 0.3147 - accuracy: 0.9072
1658/1875 [=========================>....] - ETA: 0s - loss: 0.3130 - accuracy: 0.9076
1681/1875 [=========================>....] - ETA: 0s - loss: 0.3115 - accuracy: 0.9080
1703/1875 [==========================>...] - ETA: 0s - loss: 0.3107 - accuracy: 0.9084
1725/1875 [==========================>...] - ETA: 0s - loss: 0.3090 - accuracy: 0.9089
1747/1875 [==========================>...] - ETA: 0s - loss: 0.3071 - accuracy: 0.9095
1770/1875 [===========================>..] - ETA: 0s - loss: 0.3053 - accuracy: 0.9100
1793/1875 [===========================>..] - ETA: 0s - loss: 0.3038 - accuracy: 0.9103
1816/1875 [============================>.] - ETA: 0s - loss: 0.3018 - accuracy: 0.9110
1839/1875 [============================>.] - ETA: 0s - loss: 0.3002 - accuracy: 0.9115
1861/1875 [============================>.] - ETA: 0s - loss: 0.2989 - accuracy: 0.9119
1875/1875 [==============================] - 4s 2ms/step - loss: 0.2978 - accuracy: 0.9123
Epoch 2/5

   1/1875 [..............................] - ETA: 0s - loss: 0.1889 - accuracy: 0.9375
  24/1875 [..............................] - ETA: 4s - loss: 0.1702 - accuracy: 0.9466
  46/1875 [..............................] - ETA: 4s - loss: 0.1650 - accuracy: 0.9511
  69/1875 [>.............................] - ETA: 4s - loss: 0.1760 - accuracy: 0.9438
  93/1875 [>.............................] - ETA: 3s - loss: 0.1698 - accuracy: 0.9476
 116/1875 [>.............................] - ETA: 3s - loss: 0.1693 - accuracy: 0.9488
 139/1875 [=>............................] - ETA: 3s - loss: 0.1635 - accuracy: 0.9501
 162/1875 [=>............................] - ETA: 3s - loss: 0.1577 - accuracy: 0.9522
 186/1875 [=>............................] - ETA: 3s - loss: 0.1603 - accuracy: 0.9513
 209/1875 [==>...........................] - ETA: 3s - loss: 0.1606 - accuracy: 0.9510
 232/1875 [==>...........................] - ETA: 3s - loss: 0.1571 - accuracy: 0.9523
 255/1875 [===>..........................] - ETA: 3s - loss: 0.1538 - accuracy: 0.9538
 278/1875 [===>..........................] - ETA: 3s - loss: 0.1527 - accuracy: 0.9542
 302/1875 [===>..........................] - ETA: 3s - loss: 0.1525 - accuracy: 0.9547
 327/1875 [====>.........................] - ETA: 3s - loss: 0.1576 - accuracy: 0.9520
 350/1875 [====>.........................] - ETA: 3s - loss: 0.1566 - accuracy: 0.9526
 375/1875 [=====>........................] - ETA: 3s - loss: 0.1562 - accuracy: 0.9525
 402/1875 [=====>........................] - ETA: 3s - loss: 0.1565 - accuracy: 0.9523
 426/1875 [=====>........................] - ETA: 3s - loss: 0.1546 - accuracy: 0.9533
 449/1875 [======>.......................] - ETA: 3s - loss: 0.1538 - accuracy: 0.9537
 474/1875 [======>.......................] - ETA: 3s - loss: 0.1537 - accuracy: 0.9537
 498/1875 [======>.......................] - ETA: 2s - loss: 0.1558 - accuracy: 0.9534
 521/1875 [=======>......................] - ETA: 2s - loss: 0.1563 - accuracy: 0.9533
 545/1875 [=======>......................] - ETA: 2s - loss: 0.1554 - accuracy: 0.9536
 569/1875 [========>.....................] - ETA: 2s - loss: 0.1551 - accuracy: 0.9539
 594/1875 [========>.....................] - ETA: 2s - loss: 0.1541 - accuracy: 0.9540
 617/1875 [========>.....................] - ETA: 2s - loss: 0.1545 - accuracy: 0.9539
 640/1875 [=========>....................] - ETA: 2s - loss: 0.1553 - accuracy: 0.9539
 663/1875 [=========>....................] - ETA: 2s - loss: 0.1552 - accuracy: 0.9539
 685/1875 [=========>....................] - ETA: 2s - loss: 0.1542 - accuracy: 0.9543
 708/1875 [==========>...................] - ETA: 2s - loss: 0.1543 - accuracy: 0.9544
 730/1875 [==========>...................] - ETA: 2s - loss: 0.1546 - accuracy: 0.9541
 752/1875 [===========>..................] - ETA: 2s - loss: 0.1547 - accuracy: 0.9539
 778/1875 [===========>..................] - ETA: 2s - loss: 0.1543 - accuracy: 0.9539
 804/1875 [===========>..................] - ETA: 2s - loss: 0.1539 - accuracy: 0.9541
 832/1875 [============>.................] - ETA: 2s - loss: 0.1542 - accuracy: 0.9541
 858/1875 [============>.................] - ETA: 2s - loss: 0.1535 - accuracy: 0.9541
 884/1875 [=============>................] - ETA: 2s - loss: 0.1530 - accuracy: 0.9541
 907/1875 [=============>................] - ETA: 2s - loss: 0.1529 - accuracy: 0.9543
 932/1875 [=============>................] - ETA: 2s - loss: 0.1531 - accuracy: 0.9543
 957/1875 [==============>...............] - ETA: 1s - loss: 0.1528 - accuracy: 0.9544
 982/1875 [==============>...............] - ETA: 1s - loss: 0.1526 - accuracy: 0.9545
1006/1875 [===============>..............] - ETA: 1s - loss: 0.1525 - accuracy: 0.9546
1031/1875 [===============>..............] - ETA: 1s - loss: 0.1523 - accuracy: 0.9547
1055/1875 [===============>..............] - ETA: 1s - loss: 0.1518 - accuracy: 0.9547
1078/1875 [================>.............] - ETA: 1s - loss: 0.1511 - accuracy: 0.9548
1103/1875 [================>.............] - ETA: 1s - loss: 0.1509 - accuracy: 0.9548
1126/1875 [=================>............] - ETA: 1s - loss: 0.1505 - accuracy: 0.9549
1151/1875 [=================>............] - ETA: 1s - loss: 0.1503 - accuracy: 0.9549
1174/1875 [=================>............] - ETA: 1s - loss: 0.1507 - accuracy: 0.9547
1197/1875 [==================>...........] - ETA: 1s - loss: 0.1504 - accuracy: 0.9549
1220/1875 [==================>...........] - ETA: 1s - loss: 0.1501 - accuracy: 0.9551
1242/1875 [==================>...........] - ETA: 1s - loss: 0.1496 - accuracy: 0.9552
1266/1875 [===================>..........] - ETA: 1s - loss: 0.1494 - accuracy: 0.9553
1289/1875 [===================>..........] - ETA: 1s - loss: 0.1488 - accuracy: 0.9555
1314/1875 [====================>.........] - ETA: 1s - loss: 0.1488 - accuracy: 0.9555
1339/1875 [====================>.........] - ETA: 1s - loss: 0.1486 - accuracy: 0.9556
1360/1875 [====================>.........] - ETA: 1s - loss: 0.1474 - accuracy: 0.9560
1383/1875 [=====================>........] - ETA: 1s - loss: 0.1474 - accuracy: 0.9561
1407/1875 [=====================>........] - ETA: 1s - loss: 0.1473 - accuracy: 0.9561
1430/1875 [=====================>........] - ETA: 0s - loss: 0.1472 - accuracy: 0.9561
1451/1875 [======================>.......] - ETA: 0s - loss: 0.1472 - accuracy: 0.9560
1474/1875 [======================>.......] - ETA: 0s - loss: 0.1478 - accuracy: 0.9559
1497/1875 [======================>.......] - ETA: 0s - loss: 0.1477 - accuracy: 0.9559
1520/1875 [=======================>......] - ETA: 0s - loss: 0.1472 - accuracy: 0.9559
1543/1875 [=======================>......] - ETA: 0s - loss: 0.1477 - accuracy: 0.9557
1566/1875 [========================>.....] - ETA: 0s - loss: 0.1469 - accuracy: 0.9560
1588/1875 [========================>.....] - ETA: 0s - loss: 0.1464 - accuracy: 0.9562
1610/1875 [========================>.....] - ETA: 0s - loss: 0.1460 - accuracy: 0.9565
1632/1875 [=========================>....] - ETA: 0s - loss: 0.1460 - accuracy: 0.9566
1655/1875 [=========================>....] - ETA: 0s - loss: 0.1456 - accuracy: 0.9567
1677/1875 [=========================>....] - ETA: 0s - loss: 0.1454 - accuracy: 0.9568
1700/1875 [==========================>...] - ETA: 0s - loss: 0.1451 - accuracy: 0.9569
1724/1875 [==========================>...] - ETA: 0s - loss: 0.1448 - accuracy: 0.9568
1748/1875 [==========================>...] - ETA: 0s - loss: 0.1448 - accuracy: 0.9569
1772/1875 [===========================>..] - ETA: 0s - loss: 0.1446 - accuracy: 0.9570
1796/1875 [===========================>..] - ETA: 0s - loss: 0.1439 - accuracy: 0.9571
1819/1875 [============================>.] - ETA: 0s - loss: 0.1440 - accuracy: 0.9572
1839/1875 [============================>.] - ETA: 0s - loss: 0.1437 - accuracy: 0.9572
1862/1875 [============================>.] - ETA: 0s - loss: 0.1436 - accuracy: 0.9572
1875/1875 [==============================] - 4s 2ms/step - loss: 0.1439 - accuracy: 0.9571
Epoch 3/5

   1/1875 [..............................] - ETA: 0s - loss: 0.0889 - accuracy: 0.9688
  25/1875 [..............................] - ETA: 3s - loss: 0.1076 - accuracy: 0.9675
  48/1875 [..............................] - ETA: 3s - loss: 0.1058 - accuracy: 0.9707
  72/1875 [>.............................] - ETA: 3s - loss: 0.1130 - accuracy: 0.9670
  95/1875 [>.............................] - ETA: 3s - loss: 0.1123 - accuracy: 0.9678
 119/1875 [>.............................] - ETA: 3s - loss: 0.1198 - accuracy: 0.9659
 143/1875 [=>............................] - ETA: 3s - loss: 0.1171 - accuracy: 0.9668
 167/1875 [=>............................] - ETA: 3s - loss: 0.1145 - accuracy: 0.9678
 191/1875 [==>...........................] - ETA: 3s - loss: 0.1104 - accuracy: 0.9691
 215/1875 [==>...........................] - ETA: 3s - loss: 0.1092 - accuracy: 0.9689
 239/1875 [==>...........................] - ETA: 3s - loss: 0.1084 - accuracy: 0.9689
 262/1875 [===>..........................] - ETA: 3s - loss: 0.1098 - accuracy: 0.9684
 286/1875 [===>..........................] - ETA: 3s - loss: 0.1093 - accuracy: 0.9686
 310/1875 [===>..........................] - ETA: 3s - loss: 0.1097 - accuracy: 0.9683
 331/1875 [====>.........................] - ETA: 3s - loss: 0.1102 - accuracy: 0.9680
 353/1875 [====>.........................] - ETA: 3s - loss: 0.1089 - accuracy: 0.9687
 376/1875 [=====>........................] - ETA: 3s - loss: 0.1070 - accuracy: 0.9688
 399/1875 [=====>........................] - ETA: 3s - loss: 0.1060 - accuracy: 0.9688
 422/1875 [=====>........................] - ETA: 3s - loss: 0.1054 - accuracy: 0.9686
 446/1875 [======>.......................] - ETA: 3s - loss: 0.1054 - accuracy: 0.9688
 470/1875 [======>.......................] - ETA: 3s - loss: 0.1061 - accuracy: 0.9684
 493/1875 [======>.......................] - ETA: 3s - loss: 0.1082 - accuracy: 0.9679
 517/1875 [=======>......................] - ETA: 2s - loss: 0.1089 - accuracy: 0.9678
 541/1875 [=======>......................] - ETA: 2s - loss: 0.1088 - accuracy: 0.9678
 565/1875 [========>.....................] - ETA: 2s - loss: 0.1087 - accuracy: 0.9675
 589/1875 [========>.....................] - ETA: 2s - loss: 0.1093 - accuracy: 0.9671
 613/1875 [========>.....................] - ETA: 2s - loss: 0.1091 - accuracy: 0.9671
 636/1875 [=========>....................] - ETA: 2s - loss: 0.1084 - accuracy: 0.9671
 661/1875 [=========>....................] - ETA: 2s - loss: 0.1077 - accuracy: 0.9671
 684/1875 [=========>....................] - ETA: 2s - loss: 0.1078 - accuracy: 0.9672
 708/1875 [==========>...................] - ETA: 2s - loss: 0.1076 - accuracy: 0.9672
 731/1875 [==========>...................] - ETA: 2s - loss: 0.1070 - accuracy: 0.9675
 754/1875 [===========>..................] - ETA: 2s - loss: 0.1068 - accuracy: 0.9675
 778/1875 [===========>..................] - ETA: 2s - loss: 0.1069 - accuracy: 0.9677
 801/1875 [===========>..................] - ETA: 2s - loss: 0.1072 - accuracy: 0.9675
 823/1875 [============>.................] - ETA: 2s - loss: 0.1077 - accuracy: 0.9675
 847/1875 [============>.................] - ETA: 2s - loss: 0.1079 - accuracy: 0.9672
 871/1875 [============>.................] - ETA: 2s - loss: 0.1084 - accuracy: 0.9672
 894/1875 [=============>................] - ETA: 2s - loss: 0.1082 - accuracy: 0.9674
 918/1875 [=============>................] - ETA: 2s - loss: 0.1084 - accuracy: 0.9673
 941/1875 [==============>...............] - ETA: 2s - loss: 0.1087 - accuracy: 0.9672
 963/1875 [==============>...............] - ETA: 1s - loss: 0.1084 - accuracy: 0.9673
 986/1875 [==============>...............] - ETA: 1s - loss: 0.1082 - accuracy: 0.9673
1009/1875 [===============>..............] - ETA: 1s - loss: 0.1082 - accuracy: 0.9674
1031/1875 [===============>..............] - ETA: 1s - loss: 0.1082 - accuracy: 0.9673
1055/1875 [===============>..............] - ETA: 1s - loss: 0.1083 - accuracy: 0.9674
1077/1875 [================>.............] - ETA: 1s - loss: 0.1085 - accuracy: 0.9674
1101/1875 [================>.............] - ETA: 1s - loss: 0.1091 - accuracy: 0.9673
1127/1875 [=================>............] - ETA: 1s - loss: 0.1091 - accuracy: 0.9673
1152/1875 [=================>............] - ETA: 1s - loss: 0.1085 - accuracy: 0.9675
1176/1875 [=================>............] - ETA: 1s - loss: 0.1086 - accuracy: 0.9676
1202/1875 [==================>...........] - ETA: 1s - loss: 0.1083 - accuracy: 0.9677
1225/1875 [==================>...........] - ETA: 1s - loss: 0.1083 - accuracy: 0.9679
1248/1875 [==================>...........] - ETA: 1s - loss: 0.1079 - accuracy: 0.9679
1273/1875 [===================>..........] - ETA: 1s - loss: 0.1082 - accuracy: 0.9677
1298/1875 [===================>..........] - ETA: 1s - loss: 0.1085 - accuracy: 0.9675
1324/1875 [====================>.........] - ETA: 1s - loss: 0.1083 - accuracy: 0.9675
1349/1875 [====================>.........] - ETA: 1s - loss: 0.1082 - accuracy: 0.9675
1374/1875 [====================>.........] - ETA: 1s - loss: 0.1084 - accuracy: 0.9675
1398/1875 [=====================>........] - ETA: 1s - loss: 0.1079 - accuracy: 0.9676
1421/1875 [=====================>........] - ETA: 0s - loss: 0.1074 - accuracy: 0.9678
1444/1875 [======================>.......] - ETA: 0s - loss: 0.1073 - accuracy: 0.9678
1467/1875 [======================>.......] - ETA: 0s - loss: 0.1074 - accuracy: 0.9679
1490/1875 [======================>.......] - ETA: 0s - loss: 0.1074 - accuracy: 0.9678
1514/1875 [=======================>......] - ETA: 0s - loss: 0.1075 - accuracy: 0.9677
1538/1875 [=======================>......] - ETA: 0s - loss: 0.1076 - accuracy: 0.9676
1560/1875 [=======================>......] - ETA: 0s - loss: 0.1079 - accuracy: 0.9675
1583/1875 [========================>.....] - ETA: 0s - loss: 0.1076 - accuracy: 0.9677
1607/1875 [========================>.....] - ETA: 0s - loss: 0.1072 - accuracy: 0.9678
1629/1875 [=========================>....] - ETA: 0s - loss: 0.1074 - accuracy: 0.9677
1652/1875 [=========================>....] - ETA: 0s - loss: 0.1073 - accuracy: 0.9677
1676/1875 [=========================>....] - ETA: 0s - loss: 0.1073 - accuracy: 0.9678
1700/1875 [==========================>...] - ETA: 0s - loss: 0.1070 - accuracy: 0.9679
1723/1875 [==========================>...] - ETA: 0s - loss: 0.1071 - accuracy: 0.9678
1747/1875 [==========================>...] - ETA: 0s - loss: 0.1068 - accuracy: 0.9679
1771/1875 [===========================>..] - ETA: 0s - loss: 0.1072 - accuracy: 0.9678
1795/1875 [===========================>..] - ETA: 0s - loss: 0.1071 - accuracy: 0.9678
1819/1875 [============================>.] - ETA: 0s - loss: 0.1072 - accuracy: 0.9678
1841/1875 [============================>.] - ETA: 0s - loss: 0.1074 - accuracy: 0.9677
1864/1875 [============================>.] - ETA: 0s - loss: 0.1072 - accuracy: 0.9678
1875/1875 [==============================] - 4s 2ms/step - loss: 0.1070 - accuracy: 0.9679
Epoch 4/5

   1/1875 [..............................] - ETA: 0s - loss: 0.2615 - accuracy: 0.9375
  25/1875 [..............................] - ETA: 3s - loss: 0.0918 - accuracy: 0.9762
  49/1875 [..............................] - ETA: 3s - loss: 0.0883 - accuracy: 0.9758
  74/1875 [>.............................] - ETA: 3s - loss: 0.0933 - accuracy: 0.9721
  99/1875 [>.............................] - ETA: 3s - loss: 0.0920 - accuracy: 0.9722
 124/1875 [>.............................] - ETA: 3s - loss: 0.0909 - accuracy: 0.9720
 148/1875 [=>............................] - ETA: 3s - loss: 0.0891 - accuracy: 0.9730
 174/1875 [=>............................] - ETA: 3s - loss: 0.0874 - accuracy: 0.9743
 201/1875 [==>...........................] - ETA: 3s - loss: 0.0860 - accuracy: 0.9743
 226/1875 [==>...........................] - ETA: 3s - loss: 0.0857 - accuracy: 0.9741
 251/1875 [===>..........................] - ETA: 3s - loss: 0.0851 - accuracy: 0.9735
 275/1875 [===>..........................] - ETA: 3s - loss: 0.0859 - accuracy: 0.9732
 300/1875 [===>..........................] - ETA: 3s - loss: 0.0873 - accuracy: 0.9729
 325/1875 [====>.........................] - ETA: 3s - loss: 0.0860 - accuracy: 0.9735
 349/1875 [====>.........................] - ETA: 3s - loss: 0.0844 - accuracy: 0.9739
 372/1875 [====>.........................] - ETA: 3s - loss: 0.0847 - accuracy: 0.9736
 395/1875 [=====>........................] - ETA: 3s - loss: 0.0845 - accuracy: 0.9735
 419/1875 [=====>........................] - ETA: 3s - loss: 0.0855 - accuracy: 0.9730
 444/1875 [======>.......................] - ETA: 2s - loss: 0.0860 - accuracy: 0.9729
 470/1875 [======>.......................] - ETA: 2s - loss: 0.0851 - accuracy: 0.9731
 496/1875 [======>.......................] - ETA: 2s - loss: 0.0858 - accuracy: 0.9730
 520/1875 [=======>......................] - ETA: 2s - loss: 0.0861 - accuracy: 0.9729
 544/1875 [=======>......................] - ETA: 2s - loss: 0.0855 - accuracy: 0.9733
 569/1875 [========>.....................] - ETA: 2s - loss: 0.0862 - accuracy: 0.9735
 594/1875 [========>.....................] - ETA: 2s - loss: 0.0852 - accuracy: 0.9736
 618/1875 [========>.....................] - ETA: 2s - loss: 0.0855 - accuracy: 0.9732
 642/1875 [=========>....................] - ETA: 2s - loss: 0.0860 - accuracy: 0.9733
 665/1875 [=========>....................] - ETA: 2s - loss: 0.0858 - accuracy: 0.9733
 689/1875 [==========>...................] - ETA: 2s - loss: 0.0856 - accuracy: 0.9734
 713/1875 [==========>...................] - ETA: 2s - loss: 0.0852 - accuracy: 0.9737
 738/1875 [==========>...................] - ETA: 2s - loss: 0.0855 - accuracy: 0.9736
 763/1875 [===========>..................] - ETA: 2s - loss: 0.0853 - accuracy: 0.9737
 787/1875 [===========>..................] - ETA: 2s - loss: 0.0856 - accuracy: 0.9737
 810/1875 [===========>..................] - ETA: 2s - loss: 0.0853 - accuracy: 0.9738
 834/1875 [============>.................] - ETA: 2s - loss: 0.0852 - accuracy: 0.9738
 857/1875 [============>.................] - ETA: 2s - loss: 0.0844 - accuracy: 0.9740
 880/1875 [=============>................] - ETA: 2s - loss: 0.0845 - accuracy: 0.9738
 903/1875 [=============>................] - ETA: 2s - loss: 0.0843 - accuracy: 0.9738
 926/1875 [=============>................] - ETA: 1s - loss: 0.0842 - accuracy: 0.9739
 948/1875 [==============>...............] - ETA: 1s - loss: 0.0845 - accuracy: 0.9736
 973/1875 [==============>...............] - ETA: 1s - loss: 0.0853 - accuracy: 0.9735
 997/1875 [==============>...............] - ETA: 1s - loss: 0.0857 - accuracy: 0.9733
1022/1875 [===============>..............] - ETA: 1s - loss: 0.0852 - accuracy: 0.9735
1048/1875 [===============>..............] - ETA: 1s - loss: 0.0858 - accuracy: 0.9733
1074/1875 [================>.............] - ETA: 1s - loss: 0.0856 - accuracy: 0.9733
1099/1875 [================>.............] - ETA: 1s - loss: 0.0856 - accuracy: 0.9733
1123/1875 [================>.............] - ETA: 1s - loss: 0.0850 - accuracy: 0.9735
1148/1875 [=================>............] - ETA: 1s - loss: 0.0850 - accuracy: 0.9735
1174/1875 [=================>............] - ETA: 1s - loss: 0.0851 - accuracy: 0.9734
1200/1875 [==================>...........] - ETA: 1s - loss: 0.0850 - accuracy: 0.9735
1225/1875 [==================>...........] - ETA: 1s - loss: 0.0845 - accuracy: 0.9736
1248/1875 [==================>...........] - ETA: 1s - loss: 0.0848 - accuracy: 0.9734
1271/1875 [===================>..........] - ETA: 1s - loss: 0.0852 - accuracy: 0.9733
1294/1875 [===================>..........] - ETA: 1s - loss: 0.0856 - accuracy: 0.9731
1318/1875 [====================>.........] - ETA: 1s - loss: 0.0853 - accuracy: 0.9733
1342/1875 [====================>.........] - ETA: 1s - loss: 0.0855 - accuracy: 0.9732
1367/1875 [====================>.........] - ETA: 1s - loss: 0.0856 - accuracy: 0.9730
1391/1875 [=====================>........] - ETA: 1s - loss: 0.0858 - accuracy: 0.9730
1414/1875 [=====================>........] - ETA: 0s - loss: 0.0861 - accuracy: 0.9729
1438/1875 [======================>.......] - ETA: 0s - loss: 0.0862 - accuracy: 0.9729
1463/1875 [======================>.......] - ETA: 0s - loss: 0.0863 - accuracy: 0.9729
1489/1875 [======================>.......] - ETA: 0s - loss: 0.0869 - accuracy: 0.9728
1513/1875 [=======================>......] - ETA: 0s - loss: 0.0872 - accuracy: 0.9726
1539/1875 [=======================>......] - ETA: 0s - loss: 0.0881 - accuracy: 0.9724
1563/1875 [========================>.....] - ETA: 0s - loss: 0.0878 - accuracy: 0.9725
1587/1875 [========================>.....] - ETA: 0s - loss: 0.0876 - accuracy: 0.9725
1612/1875 [========================>.....] - ETA: 0s - loss: 0.0875 - accuracy: 0.9725
1637/1875 [=========================>....] - ETA: 0s - loss: 0.0876 - accuracy: 0.9726
1661/1875 [=========================>....] - ETA: 0s - loss: 0.0873 - accuracy: 0.9726
1684/1875 [=========================>....] - ETA: 0s - loss: 0.0872 - accuracy: 0.9727
1708/1875 [==========================>...] - ETA: 0s - loss: 0.0873 - accuracy: 0.9727
1732/1875 [==========================>...] - ETA: 0s - loss: 0.0874 - accuracy: 0.9727
1756/1875 [===========================>..] - ETA: 0s - loss: 0.0874 - accuracy: 0.9727
1779/1875 [===========================>..] - ETA: 0s - loss: 0.0870 - accuracy: 0.9729
1802/1875 [===========================>..] - ETA: 0s - loss: 0.0871 - accuracy: 0.9728
1824/1875 [============================>.] - ETA: 0s - loss: 0.0869 - accuracy: 0.9728
1846/1875 [============================>.] - ETA: 0s - loss: 0.0869 - accuracy: 0.9729
1868/1875 [============================>.] - ETA: 0s - loss: 0.0866 - accuracy: 0.9729
1875/1875 [==============================] - 4s 2ms/step - loss: 0.0867 - accuracy: 0.9729
Epoch 5/5

   1/1875 [..............................] - ETA: 0s - loss: 0.0377 - accuracy: 1.0000
  26/1875 [..............................] - ETA: 3s - loss: 0.0773 - accuracy: 0.9748
  50/1875 [..............................] - ETA: 3s - loss: 0.0728 - accuracy: 0.9762
  72/1875 [>.............................] - ETA: 3s - loss: 0.0785 - accuracy: 0.9757
  94/1875 [>.............................] - ETA: 3s - loss: 0.0793 - accuracy: 0.9747
 117/1875 [>.............................] - ETA: 3s - loss: 0.0807 - accuracy: 0.9741
 141/1875 [=>............................] - ETA: 3s - loss: 0.0802 - accuracy: 0.9741
 165/1875 [=>............................] - ETA: 3s - loss: 0.0787 - accuracy: 0.9750
 190/1875 [==>...........................] - ETA: 3s - loss: 0.0766 - accuracy: 0.9758
 216/1875 [==>...........................] - ETA: 3s - loss: 0.0766 - accuracy: 0.9758
 240/1875 [==>...........................] - ETA: 3s - loss: 0.0772 - accuracy: 0.9754
 266/1875 [===>..........................] - ETA: 3s - loss: 0.0758 - accuracy: 0.9759
 296/1875 [===>..........................] - ETA: 3s - loss: 0.0741 - accuracy: 0.9765
 323/1875 [====>.........................] - ETA: 3s - loss: 0.0741 - accuracy: 0.9765
 346/1875 [====>.........................] - ETA: 3s - loss: 0.0730 - accuracy: 0.9771
 373/1875 [====>.........................] - ETA: 3s - loss: 0.0735 - accuracy: 0.9771
 399/1875 [=====>........................] - ETA: 3s - loss: 0.0735 - accuracy: 0.9771
 425/1875 [=====>........................] - ETA: 2s - loss: 0.0730 - accuracy: 0.9772
 451/1875 [======>.......................] - ETA: 2s - loss: 0.0723 - accuracy: 0.9773
 475/1875 [======>.......................] - ETA: 2s - loss: 0.0722 - accuracy: 0.9774
 501/1875 [=======>......................] - ETA: 2s - loss: 0.0720 - accuracy: 0.9774
 527/1875 [=======>......................] - ETA: 2s - loss: 0.0730 - accuracy: 0.9772
 555/1875 [=======>......................] - ETA: 2s - loss: 0.0728 - accuracy: 0.9775
 580/1875 [========>.....................] - ETA: 2s - loss: 0.0717 - accuracy: 0.9780
 606/1875 [========>.....................] - ETA: 2s - loss: 0.0722 - accuracy: 0.9777
 633/1875 [=========>....................] - ETA: 2s - loss: 0.0724 - accuracy: 0.9776
 658/1875 [=========>....................] - ETA: 2s - loss: 0.0728 - accuracy: 0.9773
 685/1875 [=========>....................] - ETA: 2s - loss: 0.0729 - accuracy: 0.9772
 711/1875 [==========>...................] - ETA: 2s - loss: 0.0730 - accuracy: 0.9773
 739/1875 [==========>...................] - ETA: 2s - loss: 0.0723 - accuracy: 0.9773
 768/1875 [===========>..................] - ETA: 2s - loss: 0.0720 - accuracy: 0.9775
 793/1875 [===========>..................] - ETA: 2s - loss: 0.0719 - accuracy: 0.9777
 817/1875 [============>.................] - ETA: 2s - loss: 0.0714 - accuracy: 0.9777
 841/1875 [============>.................] - ETA: 2s - loss: 0.0714 - accuracy: 0.9777
 866/1875 [============>.................] - ETA: 2s - loss: 0.0711 - accuracy: 0.9777
 890/1875 [=============>................] - ETA: 1s - loss: 0.0712 - accuracy: 0.9777
 913/1875 [=============>................] - ETA: 1s - loss: 0.0717 - accuracy: 0.9777
 936/1875 [=============>................] - ETA: 1s - loss: 0.0714 - accuracy: 0.9778
 961/1875 [==============>...............] - ETA: 1s - loss: 0.0715 - accuracy: 0.9779
 984/1875 [==============>...............] - ETA: 1s - loss: 0.0715 - accuracy: 0.9778
1009/1875 [===============>..............] - ETA: 1s - loss: 0.0719 - accuracy: 0.9779
1036/1875 [===============>..............] - ETA: 1s - loss: 0.0725 - accuracy: 0.9777
1064/1875 [================>.............] - ETA: 1s - loss: 0.0721 - accuracy: 0.9779
1091/1875 [================>.............] - ETA: 1s - loss: 0.0726 - accuracy: 0.9778
1120/1875 [================>.............] - ETA: 1s - loss: 0.0724 - accuracy: 0.9777
1147/1875 [=================>............] - ETA: 1s - loss: 0.0724 - accuracy: 0.9777
1173/1875 [=================>............] - ETA: 1s - loss: 0.0730 - accuracy: 0.9775
1197/1875 [==================>...........] - ETA: 1s - loss: 0.0732 - accuracy: 0.9775
1221/1875 [==================>...........] - ETA: 1s - loss: 0.0736 - accuracy: 0.9771
1246/1875 [==================>...........] - ETA: 1s - loss: 0.0735 - accuracy: 0.9772
1272/1875 [===================>..........] - ETA: 1s - loss: 0.0737 - accuracy: 0.9771
1298/1875 [===================>..........] - ETA: 1s - loss: 0.0736 - accuracy: 0.9771
1322/1875 [====================>.........] - ETA: 1s - loss: 0.0737 - accuracy: 0.9771
1345/1875 [====================>.........] - ETA: 1s - loss: 0.0733 - accuracy: 0.9772
1369/1875 [====================>.........] - ETA: 1s - loss: 0.0732 - accuracy: 0.9772
1392/1875 [=====================>........] - ETA: 0s - loss: 0.0733 - accuracy: 0.9773
1415/1875 [=====================>........] - ETA: 0s - loss: 0.0733 - accuracy: 0.9773
1440/1875 [======================>.......] - ETA: 0s - loss: 0.0736 - accuracy: 0.9771
1466/1875 [======================>.......] - ETA: 0s - loss: 0.0741 - accuracy: 0.9770
1490/1875 [======================>.......] - ETA: 0s - loss: 0.0740 - accuracy: 0.9770
1514/1875 [=======================>......] - ETA: 0s - loss: 0.0737 - accuracy: 0.9771
1538/1875 [=======================>......] - ETA: 0s - loss: 0.0740 - accuracy: 0.9770
1562/1875 [=======================>......] - ETA: 0s - loss: 0.0740 - accuracy: 0.9770
1586/1875 [========================>.....] - ETA: 0s - loss: 0.0743 - accuracy: 0.9769
1608/1875 [========================>.....] - ETA: 0s - loss: 0.0743 - accuracy: 0.9769
1632/1875 [=========================>....] - ETA: 0s - loss: 0.0742 - accuracy: 0.9770
1657/1875 [=========================>....] - ETA: 0s - loss: 0.0738 - accuracy: 0.9771
1685/1875 [=========================>....] - ETA: 0s - loss: 0.0736 - accuracy: 0.9771
1713/1875 [==========================>...] - ETA: 0s - loss: 0.0740 - accuracy: 0.9770
1738/1875 [==========================>...] - ETA: 0s - loss: 0.0742 - accuracy: 0.9769
1765/1875 [===========================>..] - ETA: 0s - loss: 0.0745 - accuracy: 0.9769
1793/1875 [===========================>..] - ETA: 0s - loss: 0.0747 - accuracy: 0.9768
1818/1875 [============================>.] - ETA: 0s - loss: 0.0746 - accuracy: 0.9769
1844/1875 [============================>.] - ETA: 0s - loss: 0.0746 - accuracy: 0.9770
1871/1875 [============================>.] - ETA: 0s - loss: 0.0746 - accuracy: 0.9770
1875/1875 [==============================] - 4s 2ms/step - loss: 0.0745 - accuracy: 0.9770
313/313 - 0s - loss: 0.0745 - accuracy: 0.9776
